Make connection to four relays.
Waiting for control center to connect.
Connected by ('10.0.0.1', 49674)
Waiting for data to receive.
Receiving data from a control center.
11 :   1.00
12 :   0.00
13 :   0.67
14 :   0.00
21 :   1.00
22 :   0.17
23 :   1.63
24 :   0.00
31 :   1.00
32 :   0.09
33 :   0.85
34 :   0.00
41 :   1.00
42 :   -0.04
43 :   0.00
44 :   0.00
51 :   1.00
52 :   -0.07
53 :   -0.90
54 :   0.00
61 :   1.00
62 :   0.04
63 :   0.00
64 :   0.00
71 :   1.00
72 :   0.01
73 :   -1.00
74 :   0.00
81 :   1.00
82 :   0.07
83 :   0.00
84 :   0.00
91 :   1.00
92 :   -0.07
93 :   -1.25
94 :   0.00


Waiting for data to receive.
An packet without payload is received, end the connection.
