ALERT: data collected from relays are not consistent with the data sent to the control center
{
[22] = 0.17,
[73] = -1.0,
[93] = -1.25,
[43] = 0.0,
[52] = -0.07,
[13] = 0.67,
[82] = 0.07,
[62] = 0.04,
[42] = -0.04,
[23] = 1.63,
[53] = -0.9,
[92] = -0.07,
[63] = 0.0,
[83] = 0.0,
[32] = 0.09,
[72] = 0.01,
[33] = 0.85
}
{
[22] = 0.19,
[73] = -1.14,
[93] = -1.49,
[43] = 0.23,
[52] = -0.08,
[13] = 0.67,
[82] = 0.08,
[62] = 0.04,
[42] = -0.04,
[23] = 1.79,
[53] = -1.07,
[92] = -0.08,
[63] = -0.11,
[83] = 0.1,
[32] = 0.1,
[72] = 0.01,
[33] = 1.02
}
