PROJECT5,RUN_START,mode=baseline,rounds=2
PROJECT5,CONFIG,mode=baseline,fdia=False,type_c=False,tier2_env=1
PROJECT5,RELAY_CONTROL,relay=1,idx=23,sp=1.620000,decision=accept,reason=tier2_ok,severity=0.001388,latency_ms=0.456
PROJECT5,DA_CONTROL,mode=baseline,idx=23,orig_sp=1.620000,fwd_sp=1.620000,type_c=False,ack_status=0,latency_ms=0.790
PROJECT5,RELAY_CONTROL,relay=1,idx=23,sp=1.620000,decision=accept,reason=tier2_ok,severity=0.001388,latency_ms=0.169
PROJECT5,DA_CONTROL,mode=baseline,idx=23,orig_sp=1.620000,fwd_sp=1.620000,type_c=False,ack_status=0,latency_ms=0.463
--- Round 1: poll ---
11 :   1.00
12 :   0.00
13 :   0.67
14 :   0.00
21 :   1.00
22 :   0.17
23 :   1.63
24 :   0.00
31 :   1.00
32 :   0.09
33 :   0.85
34 :   0.00
41 :   1.00
42 :   -0.04
43 :   0.00
44 :   0.00
51 :   1.00
52 :   -0.07
53 :   -0.90
54 :   0.00
61 :   1.00
62 :   0.04
63 :   0.00
64 :   0.00
71 :   1.00
72 :   0.01
73 :   -1.00
74 :   0.00
81 :   1.00
82 :   0.07
83 :   0.00
84 :   0.00
91 :   1.00
92 :   -0.07
93 :   -1.25
94 :   0.00


--- Round 1: control (index 23 -> 1.6200 pu) ---
PROJECT5,CC_CMD,mode=baseline,idx=23,sp=1.620000
Control ack status=0 (accepted)
--- Round 2: poll ---
11 :   1.00
12 :   0.00
13 :   0.67
14 :   0.00
21 :   1.00
22 :   0.17
23 :   1.62
24 :   0.00
31 :   1.00
32 :   0.09
33 :   0.85
34 :   0.00
41 :   1.00
42 :   -0.04
43 :   0.00
44 :   0.00
51 :   1.00
52 :   -0.07
53 :   -0.90
54 :   0.00
61 :   1.00
62 :   0.04
63 :   0.00
64 :   0.00
71 :   1.00
72 :   0.01
73 :   -1.00
74 :   0.00
81 :   1.00
82 :   0.07
83 :   0.00
84 :   0.00
91 :   1.00
92 :   -0.07
93 :   -1.25
94 :   0.00


--- Round 2: control (index 23 -> 1.6200 pu) ---
PROJECT5,CC_CMD,mode=baseline,idx=23,sp=1.620000
Control ack status=0 (accepted)
PROJECT5,RUN_END,mode=baseline
